INFO 2025-05-26 18:23:46,110 views 11916 17784 Accessing home page
INFO 2025-05-26 18:38:09,969 views 10308 21284 Accessing home page
INFO 2025-05-26 18:40:51,485 views 14912 1220 Accessing home page
INFO 2025-05-26 18:42:05,416 views 17772 17864 Accessing home page
INFO 2025-05-26 18:45:51,926 views 9468 19460 Accessing home page
INFO 2025-05-26 18:45:54,203 views 9468 19460 Accessing home page
INFO 2025-05-26 18:47:59,976 views 17984 16312 Accessing home page
INFO 2025-05-26 18:48:17,670 views 17984 16312 Accessing reviews page
INFO 2025-05-26 18:48:21,626 views 17984 16312 Accessing vacancies page
INFO 2025-05-26 18:48:22,860 views 17984 16312 Accessing contacts page
INFO 2025-05-26 18:48:42,102 views 17984 16312 Accessing dictionary page
INFO 2025-05-26 18:48:43,095 views 17984 16312 Accessing contacts page
INFO 2025-05-26 18:48:44,326 views 17984 16312 Accessing vacancies page
INFO 2025-05-26 18:48:47,777 views 17984 16312 Accessing home page
INFO 2025-05-26 18:48:51,986 views 17984 16312 Accessing about page
INFO 2025-05-26 18:50:57,671 views 17984 16312 Accessing home page
INFO 2025-05-26 18:51:15,276 views 17984 16312 Accessing about page
INFO 2025-05-26 18:51:20,107 views 17984 16312 Accessing news page
INFO 2025-05-26 18:51:21,167 views 17984 16312 Accessing dictionary page
INFO 2025-05-26 18:51:21,925 views 17984 16312 Accessing contacts page
INFO 2025-05-26 18:51:25,502 views 17984 16312 Accessing vacancies page
INFO 2025-05-26 18:51:33,587 views 17984 16312 Accessing promotions page
INFO 2025-05-26 18:51:36,482 views 17984 16312 Accessing reviews page
INFO 2025-05-26 18:51:52,383 views 17984 16312 Accessing reviews page
INFO 2025-05-26 19:01:36,238 api_views 6364 19656 Creating new order by user admin
INFO 2025-05-26 19:07:58,289 views 4056 2780 Accessing about page
INFO 2025-05-26 20:46:53,128 api_views 9964 20920 Creating new order by user admin
INFO 2025-05-26 21:07:19,843 views 12548 19308 Accessing home page
INFO 2025-05-26 21:07:22,452 views 12548 19308 Accessing reviews page
INFO 2025-05-27 16:06:01,655 views 12548 10636 Accessing home page
INFO 2025-05-27 16:06:04,657 views 12548 23116 Accessing home page
INFO 2025-05-27 16:06:05,571 views 12548 23116 Accessing about page
INFO 2025-05-27 16:06:06,269 views 12548 23116 Accessing news page
INFO 2025-05-27 16:06:08,418 views 12548 23116 Accessing dictionary page
INFO 2025-05-27 16:06:09,812 views 12548 23116 Accessing news page
INFO 2025-05-27 16:06:12,532 views 12548 23116 Accessing vacancies page
INFO 2025-05-27 16:06:19,707 views 12548 23116 Accessing promotions page
INFO 2025-05-27 16:06:21,812 views 12548 23116 Accessing reviews page
INFO 2025-05-27 16:06:27,219 views 12548 23116 Accessing vacancies page
INFO 2025-05-27 16:06:32,810 views 12548 23116 Accessing dictionary page
INFO 2025-05-27 16:06:38,003 views 12548 23116 Accessing about page
INFO 2025-05-27 16:06:42,612 views 12548 23116 Accessing home page
INFO 2025-05-27 16:06:47,326 views 12548 23116 Accessing contacts page
INFO 2025-05-27 16:07:47,424 views 12548 23116 Accessing home page
INFO 2025-05-27 16:38:31,607 views 10140 8064 Accessing home page
INFO 2025-05-27 16:38:39,650 views 10140 8064 Accessing home page
INFO 2025-05-27 16:38:40,436 views 10140 8064 Accessing about page
INFO 2025-05-27 16:38:41,881 views 10140 8064 Accessing contacts page
INFO 2025-05-27 16:38:46,687 views 10140 8064 Accessing home page
INFO 2025-05-27 16:39:55,935 views 10140 8064 Accessing home page
INFO 2025-05-27 16:40:16,876 views 10140 8064 Accessing home page
INFO 2025-05-27 16:40:18,538 views 10140 8064 Accessing home page
INFO 2025-05-27 16:40:20,847 views 10140 8064 Accessing home page
INFO 2025-05-27 16:40:21,586 views 10140 8064 Accessing home page
INFO 2025-05-27 16:40:21,776 views 10140 8064 Accessing home page
INFO 2025-05-27 16:40:33,158 views 10140 8064 Accessing home page
INFO 2025-05-27 16:40:39,298 views 10140 8064 Accessing contacts page
INFO 2025-05-27 16:40:39,515 views 10140 8064 Accessing about page
INFO 2025-05-27 16:40:46,897 views 10140 8064 Accessing home page
INFO 2025-05-27 16:42:45,059 views 15976 21848 Accessing home page
INFO 2025-05-27 16:42:51,392 views 15976 21848 Accessing home page
INFO 2025-05-27 16:42:52,950 views 15976 21848 Accessing home page
INFO 2025-05-27 16:42:53,673 views 15976 21848 Accessing about page
INFO 2025-05-27 16:42:54,694 views 15976 21848 Accessing contacts page
INFO 2025-05-27 16:43:07,856 views 15976 21848 Accessing home page
INFO 2025-05-27 16:43:18,361 views 15976 21848 Accessing home page
INFO 2025-05-27 16:43:26,797 views 15976 21848 Accessing contacts page
INFO 2025-05-27 16:43:28,281 views 15976 21848 Accessing about page
INFO 2025-05-27 16:46:33,919 views 15976 21848 Accessing home page
INFO 2025-05-27 16:46:36,922 views 15976 21848 Accessing home page
INFO 2025-05-27 16:46:49,113 views 15976 21848 Accessing home page
INFO 2025-05-27 16:46:53,791 views 15976 21848 Accessing about page
INFO 2025-05-27 16:46:55,001 views 15976 21848 Accessing news page
INFO 2025-05-27 16:46:56,260 views 15976 21848 Accessing dictionary page
INFO 2025-05-27 16:46:57,065 views 15976 21848 Accessing contacts page
INFO 2025-05-27 16:46:58,325 views 15976 21848 Accessing contacts page
INFO 2025-05-27 16:46:59,093 views 15976 21848 Accessing dictionary page
INFO 2025-05-27 16:47:01,948 views 15976 21848 Accessing vacancies page
INFO 2025-05-27 16:47:04,326 views 15976 21848 Accessing reviews page
INFO 2025-05-27 16:47:05,117 views 15976 21848 Accessing promotions page
INFO 2025-05-27 16:57:20,692 views 15976 16448 Accessing about page
INFO 2025-05-27 16:57:21,573 views 15976 16448 Accessing news page
INFO 2025-05-27 23:53:33,394 views 1760 18144 Accessing news page
INFO 2025-05-27 23:53:40,573 views 1760 18144 Accessing home page
INFO 2025-05-27 23:53:41,124 views 1760 18144 Accessing home page
INFO 2025-05-27 23:56:14,899 views 11144 12348 Accessing home page
INFO 2025-05-27 23:57:18,720 views 11144 15816 Accessing home page
INFO 2025-05-27 23:57:24,995 views 11144 19936 Accessing home page
INFO 2025-05-27 23:57:37,129 views 11144 19936 Accessing home page
INFO 2025-05-28 00:08:43,890 views 7172 18856 Accessing home page
INFO 2025-05-28 00:33:41,437 views 17868 19772 Accessing home page
INFO 2025-05-28 00:33:43,924 views 17868 19772 Accessing home page
INFO 2025-05-28 00:45:01,737 views 22172 9828 Accessing home page
INFO 2025-05-28 00:46:19,579 views 22172 9828 Accessing home page
INFO 2025-05-28 00:46:52,137 views 22172 9828 Accessing home page
INFO 2025-05-28 00:52:21,120 views 22944 21608 Accessing home page
INFO 2025-05-28 00:52:27,705 views 22944 21608 Accessing contacts page
INFO 2025-05-28 00:52:28,196 views 22944 21608 Accessing reviews page
INFO 2025-05-28 00:52:33,974 views 22944 21608 Accessing about page
INFO 2025-05-28 00:52:37,854 views 22944 21608 Accessing home page
INFO 2025-05-28 00:52:53,367 views 22944 21608 Accessing contacts page
INFO 2025-05-28 00:52:55,930 views 22944 21608 Accessing reviews page
INFO 2025-05-28 00:54:03,395 views 22944 21608 Accessing reviews page
INFO 2025-05-28 00:54:03,890 views 22944 21608 Accessing contacts page
INFO 2025-05-28 00:54:05,046 views 22944 21608 Accessing home page
INFO 2025-05-28 00:56:20,902 views 22944 21608 Accessing home page
INFO 2025-05-28 00:56:27,074 views 22944 21608 Accessing reviews page
INFO 2025-05-28 00:56:27,714 views 22944 21608 Accessing contacts page
INFO 2025-05-28 00:56:44,334 views 22944 21608 Accessing home page
INFO 2025-05-28 00:58:41,578 views 22944 21608 Accessing home page
INFO 2025-05-28 00:58:47,075 views 22944 21608 Accessing home page
INFO 2025-05-28 00:58:59,115 views 22944 21608 Accessing home page
INFO 2025-05-28 00:59:16,191 views 22944 21608 Accessing news page
INFO 2025-05-28 18:23:00,772 views 8172 21892 Accessing home page
INFO 2025-05-28 18:23:01,190 views 8172 21892 Accessing home page
INFO 2025-05-28 18:48:59,185 views 21616 22056 Accessing home page
INFO 2025-05-28 18:49:03,378 views 21616 4616 Accessing contacts page
INFO 2025-05-28 18:49:05,658 views 21616 4616 Accessing about page
INFO 2025-05-28 18:49:09,955 views 21616 4616 Accessing news page
INFO 2025-05-28 18:49:13,933 views 21616 4616 Accessing contacts page
INFO 2025-05-28 18:49:15,180 views 21616 4616 Accessing reviews page
INFO 2025-05-28 18:49:16,861 views 21616 4616 Accessing promotions page
INFO 2025-05-28 18:49:32,337 views 21616 22264 Accessing home page
INFO 2025-05-28 18:49:34,818 views 21616 22264 Accessing home page
INFO 2025-05-28 18:49:36,496 views 21616 22264 Accessing about page
INFO 2025-05-28 18:49:37,147 views 21616 22264 Accessing news page
INFO 2025-05-28 18:49:44,437 views 21616 22264 Accessing contacts page
INFO 2025-05-28 18:49:45,132 views 21616 22264 Accessing reviews page
INFO 2025-05-28 18:50:33,608 views 21616 22264 Accessing home page
INFO 2025-05-28 18:51:40,078 views 21616 22264 Accessing home page
INFO 2025-05-28 19:00:13,206 views 21616 24196 Accessing news page
INFO 2025-05-28 19:00:14,350 views 21616 24196 Accessing promotions page
INFO 2025-05-28 19:01:57,766 views 21616 19880 Accessing home page
INFO 2025-05-28 19:02:37,183 views 21616 19880 Accessing home page
INFO 2025-05-28 19:02:40,946 views 21616 19880 Accessing about page
INFO 2025-05-28 19:02:44,865 views 21616 19880 Accessing news page
INFO 2025-05-28 19:03:06,935 views 21616 19880 Accessing home page
INFO 2025-05-28 19:03:19,929 views 21616 19880 Accessing home page
INFO 2025-05-28 19:03:58,883 views 21616 19648 Accessing home page
INFO 2025-05-28 19:06:46,934 views 21616 19648 Accessing news page
INFO 2025-05-28 19:13:26,605 views 11500 20264 Accessing home page
INFO 2025-05-28 19:13:28,977 views 11500 20264 Accessing contacts page
INFO 2025-05-28 19:13:29,577 views 11500 20264 Accessing reviews page
INFO 2025-05-28 19:13:30,902 views 11500 20264 Accessing promotions page
INFO 2025-05-28 19:13:32,004 views 11500 20264 Accessing contacts page
INFO 2025-05-28 19:15:45,202 views 8652 10484 Accessing home page
INFO 2025-05-28 19:15:45,407 views 8652 10484 Accessing home page
INFO 2025-05-28 19:15:57,257 views 13176 2124 Accessing news page
INFO 2025-05-28 19:16:41,824 views 6856 15268 Accessing news page
INFO 2025-05-28 19:16:43,246 views 6856 15268 Accessing news page
INFO 2025-05-28 19:16:48,131 views 6856 15268 Accessing contacts page
INFO 2025-05-28 19:17:06,068 views 6856 15268 Accessing about page
INFO 2025-05-28 19:17:28,197 views 6856 15268 Accessing news page
INFO 2025-05-28 19:17:51,457 views 6856 15268 Accessing contacts page
INFO 2025-05-28 19:17:59,685 views 6856 15268 Accessing reviews page
INFO 2025-05-28 19:18:09,599 views 6856 15268 Accessing promotions page
INFO 2025-05-28 19:18:56,021 views 6856 15268 Accessing reviews page
INFO 2025-05-28 19:18:59,444 views 6856 15268 Accessing contacts page
INFO 2025-05-28 19:20:20,812 views 6856 15268 Accessing home page
INFO 2025-05-28 19:20:22,694 views 6856 15268 Accessing home page
INFO 2025-05-28 19:20:44,951 views 6856 15268 Accessing home page
INFO 2025-05-28 19:30:30,302 views 17848 11204 Accessing home page
INFO 2025-05-28 19:30:32,031 views 17848 11204 Accessing about page
INFO 2025-05-28 19:30:32,632 views 17848 11204 Accessing news page
INFO 2025-05-28 19:30:35,247 views 17848 11204 Accessing contacts page
INFO 2025-05-28 19:30:36,539 views 17848 11204 Accessing reviews page
INFO 2025-05-28 19:30:37,474 views 17848 11204 Accessing promotions page
INFO 2025-05-28 19:31:29,448 views 17848 21392 Accessing home page
INFO 2025-05-28 19:31:33,821 views 17848 21392 Accessing about page
INFO 2025-05-28 19:31:38,428 views 17848 21392 Accessing news page
INFO 2025-05-28 19:34:14,275 views 4684 20844 Accessing home page
INFO 2025-05-28 19:36:42,371 views 22556 14664 Accessing home page
INFO 2025-05-28 19:36:55,660 views 22556 14664 Accessing home page
INFO 2025-05-28 19:36:58,735 views 22556 14664 Accessing about page
INFO 2025-05-28 19:36:59,738 views 22556 14664 Accessing news page
INFO 2025-05-28 19:37:04,795 views 22556 14664 Accessing contacts page
INFO 2025-05-28 19:37:05,396 views 22556 14664 Accessing reviews page
INFO 2025-05-28 19:37:06,581 views 22556 14664 Accessing promotions page
INFO 2025-05-28 19:37:08,581 views 22556 14664 Accessing home page
INFO 2025-05-28 19:37:09,141 views 22556 14664 Accessing about page
INFO 2025-05-28 19:37:09,674 views 22556 14664 Accessing news page
INFO 2025-05-28 19:37:10,556 views 22556 14664 Accessing home page
INFO 2025-05-28 19:37:23,448 views 22556 14664 Accessing home page
INFO 2025-05-28 19:37:26,515 views 22556 14664 Accessing reviews page
INFO 2025-05-28 19:37:28,440 views 22556 14664 Accessing reviews page
INFO 2025-05-28 19:37:29,368 views 22556 14664 Accessing contacts page
INFO 2025-05-28 19:37:31,053 views 22556 14664 Accessing contacts page
INFO 2025-05-28 19:37:36,949 views 22556 14664 Accessing contacts page
INFO 2025-05-28 19:37:43,058 views 22556 14664 Accessing news page
INFO 2025-05-28 19:37:45,525 views 22556 14664 Accessing about page
INFO 2025-05-28 19:39:39,882 views 22556 14664 Accessing home page
INFO 2025-05-28 19:40:00,671 views 23516 10660 Accessing home page
INFO 2025-05-28 19:40:20,299 views 17896 19220 Accessing home page
INFO 2025-05-28 19:40:32,076 views 17896 19220 Accessing home page
INFO 2025-05-28 19:40:42,987 views 17896 19220 Accessing home page
INFO 2025-05-28 19:40:55,295 views 17896 19220 Accessing news page
INFO 2025-05-28 19:43:27,344 views 17896 19220 Accessing about page
INFO 2025-05-28 19:43:28,673 views 17896 19220 Accessing news page
INFO 2025-05-28 19:46:15,271 views 17896 19220 Accessing contacts page
INFO 2025-05-28 19:47:55,863 views 18836 23632 Accessing home page
INFO 2025-05-28 19:47:56,404 views 18836 23632 Accessing about page
INFO 2025-05-28 19:49:26,777 views 18836 23632 Accessing home page
INFO 2025-05-28 19:49:34,374 views 18836 23632 Accessing reviews page
INFO 2025-05-28 19:49:36,035 views 18836 23632 Accessing contacts page
INFO 2025-05-28 19:49:52,443 views 18836 23632 Accessing home page
INFO 2025-05-28 19:49:59,510 views 18836 23632 Accessing reviews page
INFO 2025-05-28 19:50:00,780 views 18836 23632 Accessing promotions page
INFO 2025-05-28 19:57:07,332 views 24480 17552 Accessing news page
INFO 2025-05-28 19:57:26,184 views 24480 17552 Accessing contacts page
INFO 2025-05-28 20:00:28,648 views 24480 17552 Accessing home page
INFO 2025-05-28 20:00:52,655 views 24480 17552 Accessing home page
INFO 2025-05-28 20:00:54,875 views 24480 17552 Accessing about page
INFO 2025-05-28 20:00:55,624 views 24480 17552 Accessing news page
INFO 2025-05-28 20:01:06,488 views 24480 17552 Accessing contacts page
INFO 2025-05-28 20:01:54,428 views 17728 3076 Accessing news page
INFO 2025-05-28 20:12:40,912 views 10760 3144 Accessing home page
INFO 2025-05-28 20:12:54,023 views 10760 3144 Accessing home page
INFO 2025-05-28 20:54:32,001 views 6132 22576 Accessing home page
INFO 2025-05-28 21:39:03,797 views 6132 12876 Accessing news page
INFO 2025-05-28 21:39:15,118 views 6132 12876 Accessing contacts page
INFO 2025-05-28 21:39:15,700 views 6132 12876 Accessing reviews page
INFO 2025-05-28 21:39:26,602 views 6132 12876 Accessing home page
INFO 2025-05-28 21:39:28,584 views 6132 12876 Accessing contacts page
INFO 2025-05-28 21:53:00,407 views 6132 9692 Accessing contacts page
INFO 2025-05-28 21:53:01,705 views 6132 9692 Accessing reviews page
INFO 2025-05-28 21:53:03,133 views 6132 9692 Accessing promotions page
INFO 2025-05-28 21:53:03,558 views 6132 9692 Accessing reviews page
INFO 2025-05-28 21:53:18,774 views 6132 9692 Accessing home page
INFO 2025-05-28 21:55:27,456 views 6132 9692 Accessing home page
INFO 2025-05-29 17:27:24,998 views 19960 22052 Accessing home page
INFO 2025-05-29 17:31:43,143 views 13928 21524 New user registered: tima
INFO 2025-05-29 17:31:43,156 views 13928 21524 Accessing home page
INFO 2025-05-29 17:31:53,219 views 13928 21524 Accessing home page
INFO 2025-05-29 17:32:09,870 views 13928 21524 Accessing contacts page
INFO 2025-05-29 17:32:24,820 views 13928 21524 New review created by user tima
INFO 2025-05-29 17:32:29,163 views 13928 21524 Accessing promotions page
INFO 2025-05-29 17:32:31,156 views 13928 21524 Accessing about page
INFO 2025-05-29 17:32:32,463 views 13928 21524 Accessing news page
INFO 2025-05-29 17:32:33,922 views 13928 21524 Accessing home page
INFO 2025-05-29 17:32:37,313 views 13928 21524 Accessing contacts page
INFO 2025-05-29 17:32:39,233 views 13928 21524 Accessing news page
INFO 2025-05-29 17:32:40,878 views 13928 21524 Accessing about page
INFO 2025-05-29 17:33:07,531 views 13928 21524 Accessing contacts page
INFO 2025-05-29 17:33:08,664 views 13928 21524 Accessing promotions page
INFO 2025-05-29 17:38:04,803 views 25408 6324 Accessing promotions page
INFO 2025-05-29 17:38:07,572 views 25408 6324 Accessing contacts page
INFO 2025-05-29 17:38:32,055 views 25408 6324 Accessing promotions page
INFO 2025-05-29 17:38:35,189 views 25408 6324 Accessing contacts page
INFO 2025-05-29 17:40:20,915 views 25408 6324 Accessing contacts page
INFO 2025-05-29 17:40:24,006 views 25408 6324 Accessing about page
INFO 2025-05-29 17:40:26,580 views 25408 6324 Accessing home page
INFO 2025-05-29 17:41:06,614 views 25408 6324 Accessing about page
INFO 2025-05-29 17:42:07,258 views 25408 6324 Accessing about page
INFO 2025-05-29 17:42:15,562 views 25408 6324 Accessing about page
INFO 2025-05-29 17:42:18,447 views 25408 6324 Statistics page accessed
INFO 2025-05-29 17:42:36,987 views 25408 6324 Accessing about page
INFO 2025-05-29 17:42:39,899 views 25408 6324 Statistics page accessed
INFO 2025-05-29 17:42:40,695 views 25408 6324 Accessing promotions page
INFO 2025-05-29 17:46:19,848 views 25408 6324 Accessing promotions page
INFO 2025-05-29 17:47:16,620 views 25408 6324 New user registered: tima
INFO 2025-05-29 17:47:16,634 views 25408 6324 Accessing home page
INFO 2025-05-29 17:48:40,401 views 23996 11504 Accessing promotions page
INFO 2025-05-29 17:48:56,134 views 23996 11504 Accessing about page
INFO 2025-05-29 17:48:59,836 views 23996 11504 Accessing home page
INFO 2025-05-29 17:49:03,296 views 23996 11504 Accessing about page
INFO 2025-05-29 17:52:46,547 views 22768 25448 Statistics page accessed
INFO 2025-05-29 17:53:24,099 views 22768 25448 Statistics page accessed
INFO 2025-05-29 17:53:24,825 views 22768 25448 Accessing promotions page
INFO 2025-05-29 17:53:37,713 views 22768 25448 Statistics page accessed
INFO 2025-05-29 18:00:02,654 views 16136 620 Accessing about page
INFO 2025-05-29 18:00:13,743 views 16136 620 Statistics page accessed
INFO 2025-05-29 18:00:15,387 views 16136 620 Accessing promotions page
INFO 2025-05-29 18:00:17,250 views 16136 620 Statistics page accessed
INFO 2025-05-29 18:00:40,244 views 16136 620 Statistics page accessed
INFO 2025-05-29 18:00:42,430 views 16136 620 Accessing promotions page
INFO 2025-05-29 18:04:38,026 views 23116 20820 Statistics page accessed
INFO 2025-05-29 18:04:40,088 views 23116 20820 Accessing promotions page
INFO 2025-05-29 18:04:42,461 views 23116 20820 Statistics page accessed
INFO 2025-05-29 18:05:05,336 views 23116 20820 Accessing about page
INFO 2025-05-29 18:05:09,338 views 23116 20820 Accessing about page
INFO 2025-05-29 18:05:12,338 views 23116 20820 Accessing home page
INFO 2025-05-29 18:05:20,847 views 23116 20820 Accessing home page
INFO 2025-05-29 18:06:17,755 views 23116 20820 Accessing home page
INFO 2025-05-29 18:06:23,011 views 23116 20820 Statistics page accessed
INFO 2025-05-29 18:06:30,556 views 23116 20820 Accessing promotions page
INFO 2025-05-29 18:06:59,166 views 23116 25048 Accessing about page
INFO 2025-05-29 18:10:07,167 views 23116 19752 Accessing home page
INFO 2025-05-29 18:13:10,400 views 23196 22096 Accessing home page
INFO 2025-05-29 18:17:29,792 views 13816 12016 Accessing about page
INFO 2025-05-29 18:20:09,676 views 14956 25096 Statistics page accessed
INFO 2025-05-29 18:20:10,389 views 14956 25096 Accessing promotions page
INFO 2025-05-29 18:22:57,620 views 14956 25096 Accessing home page
INFO 2025-05-29 18:23:00,706 views 14956 25096 Accessing about page
INFO 2025-05-29 18:28:32,755 views 16032 11700 Accessing about page
INFO 2025-05-29 18:28:37,038 views 16032 11700 Accessing about page
INFO 2025-05-29 18:30:20,181 views 16032 11700 Accessing about page
INFO 2025-05-29 18:31:37,237 views 16032 11700 Accessing about page
INFO 2025-05-29 18:31:42,154 views 16032 11700 Accessing about page
INFO 2025-05-29 18:31:57,625 views 16032 11700 Accessing home page
INFO 2025-05-29 18:32:00,996 views 16032 11700 Accessing home page
INFO 2025-05-29 18:32:03,833 views 16032 11700 Accessing home page
INFO 2025-05-29 18:32:08,188 views 16032 11700 Accessing promotions page
INFO 2025-05-29 18:32:11,086 views 16032 11700 Statistics page accessed
INFO 2025-05-29 18:32:58,358 views 16032 24116 Statistics page accessed
INFO 2025-05-29 18:33:04,159 views 16032 24116 Accessing promotions page
INFO 2025-05-29 21:23:56,775 views 16032 7992 Statistics page accessed
INFO 2025-05-29 21:31:35,050 views 17188 7664 Accessing home page
INFO 2025-05-29 21:32:54,056 views 17188 7664 Accessing promotions page
INFO 2025-05-29 21:33:08,533 views 17188 7664 Accessing home page
INFO 2025-05-29 21:34:30,210 views 17188 7664 Statistics page accessed
INFO 2025-05-29 21:35:53,828 views 6784 21380 Statistics page accessed
INFO 2025-05-29 21:36:21,374 views 6784 21380 Statistics page accessed
INFO 2025-05-29 21:36:46,416 views 6784 21380 Statistics page accessed
INFO 2025-05-29 21:37:30,248 views 6784 21380 Statistics page accessed
INFO 2025-05-29 21:38:22,338 views 13932 2604 Accessing home page
INFO 2025-05-29 21:38:34,285 views 13932 2604 Accessing home page
INFO 2025-05-29 21:39:13,991 views 13932 2604 Statistics page accessed
INFO 2025-05-29 21:39:45,814 views 13932 2604 Accessing home page
INFO 2025-05-29 21:39:55,833 views 13932 2604 Accessing home page
INFO 2025-05-29 21:40:52,036 views 13932 2604 Statistics page accessed
INFO 2025-05-29 21:41:03,558 views 13932 2604 Statistics page accessed
INFO 2025-05-29 21:43:16,296 views 13932 10368 Accessing promotions page
INFO 2025-05-29 21:43:16,627 views 13932 2604 Statistics page accessed
INFO 2025-05-29 21:43:22,850 views 13932 19796 Accessing promotions page
INFO 2025-05-29 21:43:26,222 views 13932 19796 Accessing about page
INFO 2025-05-29 21:43:29,822 views 21432 25016 Accessing about page
INFO 2025-05-29 21:43:31,968 views 21432 25016 Accessing about page
INFO 2025-05-29 21:43:32,951 views 21432 25016 Accessing about page
INFO 2025-05-29 21:43:33,447 views 21432 25016 Accessing home page
INFO 2025-05-29 21:43:34,238 views 21432 25016 Accessing about page
INFO 2025-05-29 21:44:17,689 views 19372 10352 Statistics page accessed
INFO 2025-05-29 21:45:25,269 views 19372 10352 Statistics page accessed
INFO 2025-05-29 21:46:23,946 views 19372 10352 Statistics page accessed
INFO 2025-05-29 21:49:00,647 views 14348 20212 Statistics page accessed
INFO 2025-05-29 21:49:23,999 views 14348 20212 Statistics page accessed
INFO 2025-05-29 21:49:40,570 views 14348 20212 Statistics page accessed
INFO 2025-05-29 21:50:11,763 views 14348 20212 Statistics page accessed
INFO 2025-05-29 21:50:42,758 views 14348 20212 Statistics page accessed
INFO 2025-05-29 21:51:13,723 views 14348 20212 Statistics page accessed
INFO 2025-05-29 21:51:55,783 views 5040 24120 Statistics page accessed
INFO 2025-05-29 21:52:06,221 views 5040 24120 Statistics page accessed
INFO 2025-05-29 21:53:00,077 views 5040 24120 Statistics page accessed
INFO 2025-05-29 21:54:51,310 views 5040 12420 Accessing home page
INFO 2025-05-29 21:55:05,638 views 5040 12420 Accessing home page
INFO 2025-05-29 21:55:09,608 views 5040 12420 Accessing contacts page
INFO 2025-05-29 21:55:15,518 views 5040 12420 Accessing about page
INFO 2025-05-29 21:55:41,443 views 5040 12420 Accessing home page
INFO 2025-05-29 21:56:11,171 views 5040 12420 New user registered: kirill
INFO 2025-05-29 21:56:11,187 views 5040 12420 Accessing home page
INFO 2025-05-29 22:10:46,853 views 20444 7704 Accessing about page
INFO 2025-05-29 22:14:53,465 views 7200 22496 Statistics page accessed
INFO 2025-05-29 22:15:04,347 views 7200 22496 Accessing home page
INFO 2025-05-29 22:15:19,150 views 7200 22496 Accessing home page
INFO 2025-05-29 22:15:47,911 views 7200 22496 Accessing home page
INFO 2025-05-29 22:15:56,320 views 7200 22496 Accessing home page
INFO 2025-05-29 22:22:05,710 views 6280 5580 Accessing home page
INFO 2025-05-29 22:22:17,697 views 6280 5580 Accessing home page
INFO 2025-05-29 22:22:37,168 views 6280 5580 Accessing home page
INFO 2025-05-29 22:22:48,250 views 6280 5580 Accessing home page
INFO 2025-05-29 22:23:29,166 views 6280 16888 Accessing home page
INFO 2025-05-29 22:23:37,731 views 6280 16888 Accessing home page
INFO 2025-05-29 22:24:39,680 views 6280 16888 Statistics page accessed
INFO 2025-05-29 22:27:45,788 views 19100 22932 Accessing home page
INFO 2025-05-29 22:27:57,903 views 19100 22932 Accessing home page
INFO 2025-05-29 22:29:24,562 views 19100 22932 Statistics page accessed
INFO 2025-05-29 22:29:26,191 views 19100 22932 Statistics page accessed
INFO 2025-05-29 22:31:45,797 views 19100 21836 Accessing home page
INFO 2025-05-29 22:33:00,538 views 19100 21836 Accessing home page
INFO 2025-05-29 22:34:25,518 views 19100 21836 Accessing home page
INFO 2025-05-29 22:34:39,436 views 19100 21836 Accessing home page
INFO 2025-05-29 22:34:48,697 views 19100 21836 Accessing home page
INFO 2025-05-29 22:35:13,755 views 21528 23648 Statistics page accessed
INFO 2025-05-29 22:35:44,297 views 21528 23648 Statistics page accessed
INFO 2025-05-29 22:36:14,409 views 21528 23648 Statistics page accessed
INFO 2025-05-29 22:36:44,492 views 21528 23648 Statistics page accessed
INFO 2025-05-29 22:37:14,404 views 21528 23648 Statistics page accessed
INFO 2025-05-29 22:37:44,425 views 21528 23648 Statistics page accessed
INFO 2025-05-29 22:38:14,619 views 21528 23648 Statistics page accessed
INFO 2025-05-29 22:38:44,647 views 21528 23648 Statistics page accessed
INFO 2025-05-29 22:39:43,654 views 21528 23648 Statistics page accessed
INFO 2025-05-29 22:40:43,617 views 21528 23648 Statistics page accessed
INFO 2025-05-29 22:41:43,676 views 21528 24732 Statistics page accessed
INFO 2025-05-29 22:42:43,666 views 21528 24732 Statistics page accessed
INFO 2025-05-29 22:43:43,641 views 21528 24732 Statistics page accessed
INFO 2025-05-29 22:44:43,654 views 21528 24732 Statistics page accessed
INFO 2025-05-29 22:45:43,602 views 21528 24732 Statistics page accessed
INFO 2025-05-29 22:46:43,653 views 21528 24732 Statistics page accessed
INFO 2025-05-29 22:47:43,724 views 21528 24732 Statistics page accessed
INFO 2025-05-29 22:48:43,758 views 21528 24732 Statistics page accessed
INFO 2025-05-29 22:49:43,770 views 21528 24732 Statistics page accessed
INFO 2025-05-29 22:50:29,677 views 21528 24732 Statistics page accessed
INFO 2025-05-29 22:50:44,635 views 23764 24352 Statistics page accessed
INFO 2025-05-29 22:50:46,640 views 23764 24352 Accessing about page
INFO 2025-05-29 22:50:49,103 views 23764 5256 Accessing promotions page
INFO 2025-05-29 22:50:49,167 views 23764 24352 Statistics page accessed
INFO 2025-05-30 00:34:19,375 views 18024 9960 Accessing promotions page
INFO 2025-05-30 00:34:21,527 views 18024 9960 Accessing home page
INFO 2025-05-30 00:34:30,607 views 18024 9960 Accessing home page
INFO 2025-05-30 00:34:54,284 views 18024 9960 Accessing about page
INFO 2025-05-30 00:35:21,742 views 18024 9960 Statistics page accessed
INFO 2025-05-30 00:35:26,474 views 18024 9960 Accessing promotions page
INFO 2025-05-30 00:49:19,708 views 18024 12684 Accessing home page
INFO 2025-05-30 00:49:29,047 views 18024 12684 Accessing promotions page
INFO 2025-05-30 01:00:36,120 views 18024 11752 Accessing home page
INFO 2025-05-30 01:00:41,028 views 18024 11752 Accessing about page
INFO 2025-05-30 01:00:48,209 views 18024 11752 Accessing home page
INFO 2025-05-30 01:00:53,959 views 18024 11752 Accessing contacts page
INFO 2025-05-30 01:17:06,931 views 18024 9960 Accessing home page
INFO 2025-05-30 01:17:34,824 views 18024 924 Accessing home page
INFO 2025-05-30 01:19:20,187 views 18024 924 Accessing home page
INFO 2025-05-30 01:31:34,942 views 18024 14804 Accessing home page
INFO 2025-05-30 01:31:51,694 views 18024 14804 Accessing contacts page
INFO 2025-05-30 01:51:12,596 views 18024 21148 Accessing promotions page
INFO 2025-05-30 01:52:37,215 views 18024 21148 Accessing home page
INFO 2025-05-30 01:52:49,488 views 18024 21148 Accessing home page
INFO 2025-05-30 01:52:58,042 views 18024 21148 Statistics page accessed
INFO 2025-05-30 01:53:29,064 views 18024 21148 Statistics page accessed
INFO 2025-05-30 02:01:57,404 views 21088 19104 New review created by user tima
INFO 2025-05-30 02:45:53,922 views 21088 21848 Accessing about page
INFO 2025-05-30 02:46:08,626 views 21088 21848 Statistics page accessed
INFO 2025-05-30 02:46:20,986 views 21088 21848 Accessing home page
INFO 2025-05-30 02:46:29,208 views 21088 21848 Accessing home page
INFO 2025-05-30 04:05:23,931 views 6804 20500 Accessing home page
INFO 2025-05-30 04:05:25,822 views 6804 20500 Accessing home page
INFO 2025-05-30 04:05:28,110 views 6804 20500 Accessing about page
INFO 2025-05-30 04:05:32,497 views 6804 20500 Accessing home page
INFO 2025-05-30 04:05:47,454 views 6804 20500 Accessing home page
INFO 2025-05-30 04:06:13,267 views 6804 20500 Accessing home page
INFO 2025-05-30 04:06:51,228 views 6804 20500 Accessing home page
INFO 2025-05-30 04:06:58,333 views 6804 20500 Accessing about page
INFO 2025-05-30 04:07:02,891 views 6804 20500 Accessing home page
INFO 2025-05-30 04:07:26,661 views 6804 20500 Accessing home page
INFO 2025-05-30 04:07:29,648 views 6804 20500 Accessing home page
INFO 2025-05-30 04:08:34,056 views 19064 15948 Accessing home page
INFO 2025-05-30 04:10:08,182 views 24700 6032 Accessing home page
INFO 2025-05-30 04:10:11,668 views 24700 6032 Accessing news page
INFO 2025-05-30 04:10:38,245 views 24700 6032 Accessing home page
INFO 2025-05-30 04:10:57,150 views 24700 6032 Accessing home page
INFO 2025-05-30 04:11:02,249 views 24700 6032 Accessing news page
INFO 2025-05-30 04:11:13,032 views 24700 6032 Accessing home page
INFO 2025-05-30 04:11:21,222 views 24700 6032 Accessing home page
INFO 2025-05-30 04:11:36,313 views 24700 6032 Accessing home page
INFO 2025-05-30 04:11:42,935 views 24700 6032 Accessing home page
INFO 2025-05-30 04:11:45,013 views 24700 6032 Accessing news page
INFO 2025-05-30 04:12:00,191 views 24700 6032 Accessing about page
INFO 2025-05-30 04:12:05,347 views 24700 6032 Accessing home page
INFO 2025-05-30 04:12:06,941 views 24700 6032 Accessing news page
INFO 2025-05-30 04:12:23,866 views 24700 6032 Accessing contacts page
INFO 2025-05-30 04:14:53,880 views 24700 6032 Accessing contacts page
INFO 2025-05-30 04:14:58,772 views 24700 7960 Accessing about page
INFO 2025-05-30 04:14:59,691 views 24700 7960 Accessing home page
INFO 2025-05-30 04:15:02,112 views 24700 7960 Accessing contacts page
INFO 2025-05-30 04:15:15,584 views 20940 22408 Accessing contacts page
INFO 2025-05-30 04:15:20,260 views 20940 22408 Accessing about page
INFO 2025-05-30 04:15:20,969 views 20940 22408 Accessing home page
INFO 2025-05-30 04:15:23,458 views 20940 22408 Accessing contacts page
INFO 2025-05-30 04:15:40,276 views 20940 22408 Accessing contacts page
INFO 2025-05-30 04:15:48,907 views 20940 22408 Statistics page accessed
INFO 2025-05-30 04:16:20,224 views 20940 22408 Statistics page accessed
INFO 2025-05-30 04:36:48,554 views 23776 8672 Accessing about page
INFO 2025-05-30 04:36:49,162 views 23776 8672 Accessing home page
INFO 2025-05-30 04:36:58,998 views 23776 8672 Accessing news page
INFO 2025-05-30 08:45:16,016 views 23776 2792 Statistics page accessed
INFO 2025-05-30 08:45:47,727 views 23776 2792 Statistics page accessed
INFO 2025-05-30 08:46:17,626 views 23776 2792 Statistics page accessed
INFO 2025-05-30 08:46:40,863 views 23776 2792 Accessing home page
INFO 2025-05-30 08:48:24,055 views 23776 24220 Accessing home page
INFO 2025-05-30 08:48:41,960 views 23776 24220 Accessing promotions page
INFO 2025-05-30 09:30:35,483 views 21804 23720 Accessing home page
INFO 2025-05-30 09:30:44,575 views 21804 23720 Accessing home page
INFO 2025-05-30 09:31:56,621 views 23360 10256 Accessing contacts page
INFO 2025-05-30 09:32:30,980 views 23360 7356 Statistics page accessed
INFO 2025-05-30 09:33:04,328 views 23360 7356 Statistics page accessed
INFO 2025-05-30 09:33:32,519 views 23360 7356 Statistics page accessed
INFO 2025-05-30 09:34:02,393 views 23360 7356 Statistics page accessed
INFO 2025-05-30 09:38:25,841 views 6784 17296 Statistics page accessed
INFO 2025-05-30 09:38:47,685 views 6784 17296 Statistics page accessed
INFO 2025-05-30 09:39:49,135 views 24132 10636 Statistics page accessed
INFO 2025-05-30 09:40:18,740 views 24132 10636 Statistics page accessed
INFO 2025-05-30 09:41:48,710 views 20720 2360 Statistics page accessed
INFO 2025-05-30 09:41:53,922 views 20720 2360 Accessing about page
INFO 2025-05-30 09:42:08,199 views 20720 2360 Accessing home page
INFO 2025-05-30 09:42:27,075 views 20720 2360 Accessing promotions page
INFO 2025-05-30 09:43:56,449 views 20720 2360 Accessing home page
INFO 2025-05-30 09:44:31,747 views 20720 2360 Accessing about page
INFO 2025-05-30 09:44:35,138 views 20720 2360 Accessing home page
INFO 2025-05-30 09:45:29,955 views 20720 2360 Accessing home page
INFO 2025-05-30 09:46:15,570 views 20720 2360 Accessing home page
INFO 2025-05-30 09:46:22,205 views 20720 2360 Accessing home page
INFO 2025-05-30 09:46:29,324 views 20720 2360 Accessing home page
INFO 2025-05-30 09:46:31,242 views 20720 2360 Accessing home page
INFO 2025-05-30 09:46:36,877 views 20720 2360 Accessing about page
INFO 2025-05-30 09:46:42,851 views 20720 2360 Accessing home page
INFO 2025-05-30 09:47:02,669 views 20720 2360 Accessing about page
INFO 2025-05-30 09:47:06,254 views 20720 2360 Accessing home page
INFO 2025-05-30 09:47:19,412 views 20720 2360 Accessing news page
INFO 2025-05-30 09:48:49,485 views 20720 2360 Accessing home page
INFO 2025-05-30 09:49:31,732 views 20720 2360 Accessing home page
INFO 2025-05-30 09:49:40,210 views 20720 2360 Accessing home page
INFO 2025-05-30 09:49:54,879 views 20720 2360 Accessing home page
INFO 2025-05-30 09:50:08,430 views 20720 2360 Accessing home page
INFO 2025-05-30 09:50:15,885 views 20720 2360 Accessing home page
INFO 2025-05-30 09:50:26,870 views 20720 2360 Accessing home page
INFO 2025-05-30 09:50:38,069 views 20720 2360 New review created by user kirill
